LAB NOTES:
Nested tables - tables that are stored in a table (sortof)
_Ty is a convention, but a good one to follow

breeders

create type Animal_ty as object(
    breed       varchar2(25),
    name        varhcar2(25),
    birthdate   date);
/
    
s at the end of animals is important for convention
    
create type Animals_NT as table of Animal_Ty;
/

create table Breeders(
    BreederName     varchar2(25),
    Animals         Animals_NT)
nested table Animals store as Animals_NT_TAB;

insert into Breeders(BreederName, Animals) values('Jane Doe', 
Animals_NT(
Animal_Ty('cat','dickens','15-apr-00'),
Animal_Ty('dog','Dog','15-sep-07'),
Animal_Ty('dog','Tank','14-sep-09')
)
);

select BreederName, N.Name, N.Birthdate from Breeders, TABLE(Breeders.Animals) N;

select BreederName, N.Name, N.Birthdate from Breeders, TABLE(Breeders.Animals) N where N.Name = 'Tank';

EX: if keeping records of employee there may be dependents which can be held in a nested table

insert into TABLE(select Animals from Breeders where BreederName = 'Jane Doe') values (Animal_ty('dog','charlie','01-Jan-15'));

update TABLE(select Animals from Breeders where BreederName = 'Jane Doe') N set N.Birthdate = '25-Dec-10' where N.Name = 'charlie';

delete TABLE(select Animals from Breeders where BreederName = 'Jane Doe') N where N.Name = 'Tank';

CRUD - CREATE, READ, UPDATE, DELETE

OUTPUT:

SQL> create type Animal_ty as object(
  2  breed varchar2(25),
  3  name varchar2(25),
  4  birthdate date);
  5  /

Type created.

SQL> create type Animals_NT as table Animal_ty;/
  2  /

Warning: Type created with compilation errors.

SQL> create type Animals_NT as table Animal_ty;
  2  /

Warning: Type created with compilation errors.

SQL> create type Animals_NT as table of Animal_ty;
  2  /

Type created.

SQL> create table Breeders(
  2  BreederName varchar2(25),
  3  Animals Animals_NT)
  4  nested table Animals store as Animals_NT_TAB;

Table created.

SQL> insert into Breeders(BreederName, Animals) values('Jane Doe',
  2  Animals_NT(
  3  Animal_ty('cat','dickens','15-Apr-00'),
  4  Animal_ty('dog','Dog','15-Sep-07),
  5  Animal_ty('dog','Tank','14-Sep-09)
  6  )
  7  );
Animal_ty('dog','Tank','14-Sep-09)
           *
ERROR at line 5:
ORA-00907: missing right parenthesis


SQL> insert into Breeders(BreederName, Animals) values('Jane Doe',
  2  Animals_NT(
  3  Animal_Ty('cat','dickens','15-apr-00'),
  4  Animal_Ty('dog','Dog','15-sep-07'),
  5  Animal_Ty('dog','Tank','14-sep-09')
  6  )
  7  );

1 row created.


SQL> select BreederName, N.Name, N.Birthdate from Breeders, TABLE(Breeders.Anima
ls) N;

BREEDERNAME               NAME                      BIRTHDATE
------------------------- ------------------------- ---------
Jane Doe                  dickens                   15-APR-00
Jane Doe                  Dog                       15-SEP-07
Jane Doe                  Tank                      14-SEP-09


SQL> select BreederName, N.Name, N.Birthdate from Breeders, TABLE(Breeders.Anima
ls) N where N.Name = 'Tank';

BREEDERNAME               NAME                      BIRTHDATE
------------------------- ------------------------- ---------
Jane Doe                  Tank                      14-SEP-09


SQL> insert into TABLE(select Animals from Breeders where BreederName = 'Jane Do
e') values (Animal_ty('dog','charlie','01-Jan-15'));

1 row created.

SQL> update TABLE(select Animals from Breeders where BreederName = 'Jane Doe') N
 set N.Birthdate = '25-Dec-10' where N.Name = 'charlie';

1 row updated.

SQL> delete TABLE(select Animals from Breeders where BreederName = 'Jane Doe') N
 where N.Name = 'Tank';

1 row deleted.

SQL>